---
source: src/parser/mod.rs
expression: compiled
---
CompiledRsml {
    root: Some(
        RootTreeNode {
            attributes: Attributes {
                data: {},
            },
            static_attributes: {},
            child_rules: [
                0,
            ],
        },
    ),
    nodes: [
        Some(
            TreeNode {
                selector: Some(
                    ".tag",
                ),
                priority: None,
                attributes: Attributes {
                    data: {},
                },
                static_attributes: {},
                properties: Attributes {
                    data: {},
                },
                tweens: Attributes {
                    data: {},
                },
                child_rules: [
                    1,
                ],
                parent: Root,
            },
        ),
        Some(
            TreeNode {
                selector: Some(
                    ":hover",
                ),
                priority: None,
                attributes: Attributes {
                    data: {},
                },
                static_attributes: {},
                properties: Attributes {
                    data: {
                        "Color": Color3(
                            Color3 {
                                r: 1.0,
                                g: 0.0,
                                b: 0.0,
                            },
                        ),
                    },
                },
                tweens: Attributes {
                    data: {},
                },
                child_rules: [],
                parent: Node(
                    0,
                ),
            },
        ),
    ],
}
