---
source: src/parser/mod.rs
expression: compiled
---
CompiledRsml {
    root: Some(
        RootTreeNode {
            attributes: Attributes {
                data: {},
            },
            static_attributes: {
                "P": Variant(
                    UDim(
                        UDim {
                            scale: 0.0,
                            offset: 10,
                        },
                    ),
                ),
            },
            child_rules: [],
        },
    ),
    nodes: [],
}
