---
source: src/parser/mod.rs
expression: parsed.ast
---
[
    Schema {
        declaration: Node {
            token: SpannedToken(
                0,
                SchemaDeclaration,
                7,
            ),
            leading_trivia: None,
        },
        name: Some(
            Node {
                token: SpannedToken(
                    8,
                    Identifier(
                        "Theme",
                    ),
                    13,
                ),
                leading_trivia: None,
            },
        ),
        body: None,
    },
]
