---
source: src/parser/mod.rs
expression: parsed.ast
---
[
    Derive {
        declaration: Node {
            token: SpannedToken(
                0,
                DeriveDeclaration,
                7,
            ),
            leading_trivia: None,
        },
        body: None,
        terminator: None,
    },
]
