---
source: src/parser/mod.rs
expression: compiled
---
CompiledRsml {
    root: Some(
        RootTreeNode {
            attributes: Attributes {
                data: {},
            },
            static_attributes: {},
            child_rules: [
                0,
            ],
        },
    ),
    nodes: [
        Some(
            TreeNode {
                selector: Some(
                    "Frame",
                ),
                priority: None,
                tweens: {},
                attributes: Attributes {
                    data: {},
                },
                static_attributes: {},
                properties: Attributes {
                    data: {},
                },
                child_rules: [
                    1,
                ],
                parent: Root,
            },
        ),
        Some(
            TreeNode {
                selector: Some(
                    "::Inner",
                ),
                priority: None,
                tweens: {},
                attributes: Attributes {
                    data: {},
                },
                static_attributes: {},
                properties: Attributes {
                    data: {
                        "X": UDim(
                            UDim {
                                scale: 0.0,
                                offset: 10,
                            },
                        ),
                    },
                },
                child_rules: [],
                parent: Node(
                    0,
                ),
            },
        ),
    ],
}
