---
source: src/parser/mod.rs
expression: parsed.ast
---
[
    Assignment {
        left: Node {
            token: SpannedToken(
                0,
                Identifier(
                    "Image",
                ),
                5,
            ),
            leading_trivia: None,
        },
        middle: Some(
            Node {
                token: SpannedToken(
                    6,
                    Equals,
                    7,
                ),
                leading_trivia: None,
            },
        ),
        right: Some(
            Node {
                node: Node {
                    token: SpannedToken(
                        8,
                        RbxContent(
                            "contentid://12345",
                        ),
                        25,
                    ),
                    leading_trivia: None,
                },
            },
        ),
        terminator: Some(
            Node {
                token: SpannedToken(
                    25,
                    SemiColon,
                    26,
                ),
                leading_trivia: None,
            },
        ),
    },
]
