---
source: src/parser/mod.rs
expression: compiled
---
CompiledRsml {
    root: Some(
        RootTreeNode {
            attributes: Attributes {
                data: {},
            },
            static_attributes: {},
            child_rules: [
                0,
                1,
            ],
        },
    ),
    nodes: [
        Some(
            TreeNode {
                selector: Some(
                    "A",
                ),
                priority: None,
                tweens: {},
                attributes: Attributes {
                    data: {},
                },
                static_attributes: {},
                properties: Attributes {
                    data: {},
                },
                child_rules: [],
                parent: Root,
            },
        ),
        Some(
            TreeNode {
                selector: Some(
                    "B",
                ),
                priority: None,
                tweens: {},
                attributes: Attributes {
                    data: {},
                },
                static_attributes: {},
                properties: Attributes {
                    data: {},
                },
                child_rules: [],
                parent: Root,
            },
        ),
    ],
}
